// Jest Snapshot v1, https://goo.gl/fbAQLP

exports[`<AcceptBucketDialog> Renders correctly 1`] = `
<View>
  <Modal
    animationType="none"
    hardwareAccelerated={false}
    onHide={[Function]}
    renderToHardwareTextureAndroid={true}
    transparent={true}
    visible={true}
  >
    <View
      accessible={true}
      focusable={true}
      onClick={[Function]}
      onResponderGrant={[Function]}
      onResponderMove={[Function]}
      onResponderRelease={[Function]}
      onResponderTerminate={[Function]}
      onResponderTerminationRequest={[Function]}
      onStartShouldSetResponder={[Function]}
      style={
        Object {
          "backgroundColor": "black",
          "bottom": 0,
          "left": 0,
          "opacity": 0,
          "position": "absolute",
          "right": 0,
          "top": 0,
        }
      }
    />
    <View
      needsOffscreenAlphaCompositing={true}
      pointerEvents="box-none"
      style={
        Object {
          "alignItems": "center",
          "flex": 1,
          "justifyContent": "center",
          "opacity": 0,
          "transform": Array [
            Object {
              "scale": 1.2,
            },
          ],
        }
      }
    >
      <View
        onLayout={[Function]}
        style={
          Array [
            Object {
              "marginTop": 22,
            },
            Object {
              "paddingBottom": 0,
            },
          ]
        }
      >
        <View
          style={
            Array [
              Object {
                "borderRadius": 13,
                "flexDirection": "column",
                "overflow": "hidden",
                "width": 270,
              },
              Object {},
            ]
          }
        >
          <View
            style={
              Array [
                Object {
                  "backgroundColor": "rgb(255,255,255)",
                  "bottom": 0,
                  "left": 0,
                  "position": "absolute",
                  "right": 0,
                  "top": 0,
                },
                Object {},
              ]
            }
          />
          <View
            style={
              Array [
                Object {
                  "margin": 18,
                },
                Object {},
              ]
            }
          >
            <Text
              style={
                Array [
                  Object {
                    "color": "black",
                    "fontSize": 18,
                    "fontWeight": "600",
                    "textAlign": "center",
                  },
                  undefined,
                ]
              }
            >
              Add this bucket?
            </Text>
          </View>
          <View
            style={
              Array [
                Object {
                  "borderTopColor": "#A9ADAE",
                  "borderTopWidth": 0.5,
                  "flexDirection": "row",
                  "height": 46,
                  "justifyContent": "space-between",
                },
                Object {},
              ]
            }
          >
            <View
              accessible={true}
              focusable={true}
              onClick={[Function]}
              onResponderGrant={[Function]}
              onResponderMove={[Function]}
              onResponderRelease={[Function]}
              onResponderTerminate={[Function]}
              onResponderTerminationRequest={[Function]}
              onStartShouldSetResponder={[Function]}
              style={
                Object {
                  "alignItems": "center",
                  "flex": 1,
                  "justifyContent": "center",
                  "opacity": 1,
                }
              }
            >
              <Text
                style={
                  Array [
                    Object {
                      "backgroundColor": "transparent",
                      "fontSize": 17,
                      "textAlign": "center",
                    },
                    Object {
                      "color": "red",
                      "fontWeight": "600",
                    },
                    undefined,
                  ]
                }
              >
                No
              </Text>
            </View>
            <View
              style={
                Array [
                  Object {
                    "backgroundColor": "#A9ADAE",
                    "height": "100%",
                    "width": 0.5,
                  },
                  Object {},
                ]
              }
            />
            <View
              accessible={true}
              focusable={true}
              onClick={[Function]}
              onResponderGrant={[Function]}
              onResponderMove={[Function]}
              onResponderRelease={[Function]}
              onResponderTerminate={[Function]}
              onResponderTerminationRequest={[Function]}
              onStartShouldSetResponder={[Function]}
              style={
                Object {
                  "alignItems": "center",
                  "flex": 1,
                  "justifyContent": "center",
                  "opacity": 1,
                }
              }
            >
              <Text
                style={
                  Array [
                    Object {
                      "backgroundColor": "transparent",
                      "fontSize": 17,
                      "textAlign": "center",
                    },
                    Object {
                      "color": "#18b0b0",
                      "fontWeight": "600",
                    },
                    undefined,
                  ]
                }
              >
                Yes
              </Text>
            </View>
          </View>
        </View>
      </View>
    </View>
  </Modal>
</View>
`;
