// Jest Snapshot v1, https://goo.gl/fbAQLP

exports[`<FormStep2 /> Renders correctly 1`] = `
<View
  style={
    Object {
      "alignItems": "center",
      "backgroundColor": "#0d525f",
      "flex": 1,
      "justifyContent": "center",
    }
  }
>
  <View
    forwardedRef={[Function]}
    style={
      Object {
        "height": 240,
        "justifyContent": "space-around",
        "opacity": 0,
        "transform": Array [
          Object {
            "translateY": 500,
          },
        ],
        "width": 300,
      }
    }
  >
    <Text
      style={
        Object {
          "color": "#9affdc",
          "fontFamily": "Poppins_400Regular",
          "fontSize": 24,
          "paddingBottom": 15,
        }
      }
    >
      Beach / mountain / city?
    </Text>
    <View
      style={
        Object {
          "alignItems": "center",
          "justifyContent": "center",
        }
      }
    >
      <View
        style={
          Object {
            "flexDirection": "row",
          }
        }
      >
        <View
          accessible={true}
          focusable={true}
          onBlur={[Function]}
          onClick={[Function]}
          onFocus={[Function]}
          onResponderGrant={[Function]}
          onResponderMove={[Function]}
          onResponderRelease={[Function]}
          onResponderTerminate={[Function]}
          onResponderTerminationRequest={[Function]}
          onStartShouldSetResponder={[Function]}
          style={
            Array [
              Object {
                "alignItems": "center",
                "marginHorizontal": 10,
                "marginVertical": 5,
              },
              Object {
                "flexDirection": "row",
              },
              Object {
                "opacity": 1,
              },
              Object {
                "alignSelf": "flex-start",
              },
            ]
          }
        >
          <View
            style={
              Array [
                Object {
                  "alignItems": "center",
                  "justifyContent": "center",
                },
                Object {
                  "borderColor": "#9affdc",
                  "borderRadius": 10,
                  "borderWidth": 2,
                  "height": 20,
                  "width": 20,
                },
              ]
            }
          />
          <Text
            style={
              Array [
                Object {
                  "marginLeft": 10,
                },
                Object {
                  "color": "#9affdc",
                  "fontFamily": "Lato_300Light",
                  "fontSize": 20,
                },
              ]
            }
          >
            Beach
          </Text>
        </View>
        <View
          accessible={true}
          focusable={true}
          onBlur={[Function]}
          onClick={[Function]}
          onFocus={[Function]}
          onResponderGrant={[Function]}
          onResponderMove={[Function]}
          onResponderRelease={[Function]}
          onResponderTerminate={[Function]}
          onResponderTerminationRequest={[Function]}
          onStartShouldSetResponder={[Function]}
          style={
            Array [
              Object {
                "alignItems": "center",
                "marginHorizontal": 10,
                "marginVertical": 5,
              },
              Object {
                "flexDirection": "row",
              },
              Object {
                "opacity": 1,
              },
              undefined,
            ]
          }
        >
          <View
            style={
              Array [
                Object {
                  "alignItems": "center",
                  "justifyContent": "center",
                },
                Object {
                  "borderColor": "#9affdc",
                  "borderRadius": 10,
                  "borderWidth": 2,
                  "height": 20,
                  "width": 20,
                },
              ]
            }
          />
          <Text
            style={
              Array [
                Object {
                  "marginLeft": 10,
                },
                Object {
                  "color": "#9affdc",
                  "fontFamily": "Lato_300Light",
                  "fontSize": 20,
                },
              ]
            }
          >
            Mountains
          </Text>
        </View>
        <View
          accessible={true}
          focusable={true}
          onBlur={[Function]}
          onClick={[Function]}
          onFocus={[Function]}
          onResponderGrant={[Function]}
          onResponderMove={[Function]}
          onResponderRelease={[Function]}
          onResponderTerminate={[Function]}
          onResponderTerminationRequest={[Function]}
          onStartShouldSetResponder={[Function]}
          style={
            Array [
              Object {
                "alignItems": "center",
                "marginHorizontal": 10,
                "marginVertical": 5,
              },
              Object {
                "flexDirection": "row",
              },
              Object {
                "opacity": 1,
              },
              undefined,
            ]
          }
        >
          <View
            style={
              Array [
                Object {
                  "alignItems": "center",
                  "justifyContent": "center",
                },
                Object {
                  "borderColor": "#9affdc",
                  "borderRadius": 10,
                  "borderWidth": 2,
                  "height": 20,
                  "width": 20,
                },
              ]
            }
          />
          <Text
            style={
              Array [
                Object {
                  "marginLeft": 10,
                },
                Object {
                  "color": "#9affdc",
                  "fontFamily": "Lato_300Light",
                  "fontSize": 20,
                },
              ]
            }
          >
            City
          </Text>
        </View>
      </View>
    </View>
    <View
      style={
        Object {
          "backgroundColor": "#9affdc",
          "borderColor": "transparent",
          "borderRadius": 4,
          "borderStyle": "solid",
          "borderWidth": 0,
          "color": "#0d525f",
          "elevation": 0,
          "height": 50,
          "justifyContent": "center",
          "marginVertical": 20,
          "minWidth": 64,
          "width": 100,
        }
      }
    >
      <View
        accessibilityRole="button"
        accessibilityState={
          Object {
            "disabled": undefined,
          }
        }
        accessible={true}
        focusable={true}
        onClick={[Function]}
        onResponderGrant={[Function]}
        onResponderMove={[Function]}
        onResponderRelease={[Function]}
        onResponderTerminate={[Function]}
        onResponderTerminationRequest={[Function]}
        onStartShouldSetResponder={[Function]}
        style={
          Array [
            Object {
              "overflow": "hidden",
            },
            Object {
              "borderRadius": 4,
            },
          ]
        }
      >
        <View
          style={
            Array [
              Object {
                "alignItems": "center",
                "flexDirection": "row",
                "justifyContent": "center",
              },
              undefined,
            ]
          }
        >
          <Text
            numberOfLines={1}
            selectable={false}
            style={
              Array [
                Object {
                  "color": "#000000",
                  "fontFamily": "System",
                  "fontWeight": "400",
                },
                Object {
                  "textAlign": "left",
                },
                Array [
                  Object {
                    "letterSpacing": 1,
                    "marginHorizontal": 16,
                    "marginVertical": 9,
                    "textAlign": "center",
                  },
                  undefined,
                  Object {
                    "textTransform": "uppercase",
                  },
                  Object {
                    "color": "#6200ee",
                    "fontFamily": "System",
                    "fontWeight": "500",
                  },
                  Object {
                    "fontFamily": "System",
                    "fontWeight": "500",
                  },
                  Object {
                    "color": "#0d525f",
                  },
                ],
              ]
            }
          >
            NEXT
          </Text>
        </View>
      </View>
    </View>
  </View>
</View>
`;

exports[`<FormStep2 /> Should render the page without crashing 1`] = `
<View
  style={
    Object {
      "alignItems": "center",
      "backgroundColor": "#0d525f",
      "flex": 1,
      "justifyContent": "center",
    }
  }
>
  <View
    forwardedRef={[Function]}
    style={
      Object {
        "height": 240,
        "justifyContent": "space-around",
        "opacity": 0,
        "transform": Array [
          Object {
            "translateY": 500,
          },
        ],
        "width": 300,
      }
    }
  >
    <Text
      style={
        Object {
          "color": "#9affdc",
          "fontFamily": "Poppins_400Regular",
          "fontSize": 24,
          "paddingBottom": 15,
        }
      }
    >
      Beach / mountain / city?
    </Text>
    <View
      style={
        Object {
          "alignItems": "center",
          "justifyContent": "center",
        }
      }
    >
      <View
        style={
          Object {
            "flexDirection": "row",
          }
        }
      >
        <View
          accessible={true}
          focusable={true}
          onBlur={[Function]}
          onClick={[Function]}
          onFocus={[Function]}
          onResponderGrant={[Function]}
          onResponderMove={[Function]}
          onResponderRelease={[Function]}
          onResponderTerminate={[Function]}
          onResponderTerminationRequest={[Function]}
          onStartShouldSetResponder={[Function]}
          style={
            Array [
              Object {
                "alignItems": "center",
                "marginHorizontal": 10,
                "marginVertical": 5,
              },
              Object {
                "flexDirection": "row",
              },
              Object {
                "opacity": 1,
              },
              Object {
                "alignSelf": "flex-start",
              },
            ]
          }
        >
          <View
            style={
              Array [
                Object {
                  "alignItems": "center",
                  "justifyContent": "center",
                },
                Object {
                  "borderColor": "#9affdc",
                  "borderRadius": 10,
                  "borderWidth": 2,
                  "height": 20,
                  "width": 20,
                },
              ]
            }
          />
          <Text
            style={
              Array [
                Object {
                  "marginLeft": 10,
                },
                Object {
                  "color": "#9affdc",
                  "fontFamily": "Lato_300Light",
                  "fontSize": 20,
                },
              ]
            }
          >
            Beach
          </Text>
        </View>
        <View
          accessible={true}
          focusable={true}
          onBlur={[Function]}
          onClick={[Function]}
          onFocus={[Function]}
          onResponderGrant={[Function]}
          onResponderMove={[Function]}
          onResponderRelease={[Function]}
          onResponderTerminate={[Function]}
          onResponderTerminationRequest={[Function]}
          onStartShouldSetResponder={[Function]}
          style={
            Array [
              Object {
                "alignItems": "center",
                "marginHorizontal": 10,
                "marginVertical": 5,
              },
              Object {
                "flexDirection": "row",
              },
              Object {
                "opacity": 1,
              },
              undefined,
            ]
          }
        >
          <View
            style={
              Array [
                Object {
                  "alignItems": "center",
                  "justifyContent": "center",
                },
                Object {
                  "borderColor": "#9affdc",
                  "borderRadius": 10,
                  "borderWidth": 2,
                  "height": 20,
                  "width": 20,
                },
              ]
            }
          />
          <Text
            style={
              Array [
                Object {
                  "marginLeft": 10,
                },
                Object {
                  "color": "#9affdc",
                  "fontFamily": "Lato_300Light",
                  "fontSize": 20,
                },
              ]
            }
          >
            Mountains
          </Text>
        </View>
        <View
          accessible={true}
          focusable={true}
          onBlur={[Function]}
          onClick={[Function]}
          onFocus={[Function]}
          onResponderGrant={[Function]}
          onResponderMove={[Function]}
          onResponderRelease={[Function]}
          onResponderTerminate={[Function]}
          onResponderTerminationRequest={[Function]}
          onStartShouldSetResponder={[Function]}
          style={
            Array [
              Object {
                "alignItems": "center",
                "marginHorizontal": 10,
                "marginVertical": 5,
              },
              Object {
                "flexDirection": "row",
              },
              Object {
                "opacity": 1,
              },
              undefined,
            ]
          }
        >
          <View
            style={
              Array [
                Object {
                  "alignItems": "center",
                  "justifyContent": "center",
                },
                Object {
                  "borderColor": "#9affdc",
                  "borderRadius": 10,
                  "borderWidth": 2,
                  "height": 20,
                  "width": 20,
                },
              ]
            }
          />
          <Text
            style={
              Array [
                Object {
                  "marginLeft": 10,
                },
                Object {
                  "color": "#9affdc",
                  "fontFamily": "Lato_300Light",
                  "fontSize": 20,
                },
              ]
            }
          >
            City
          </Text>
        </View>
      </View>
    </View>
    <View
      style={
        Object {
          "backgroundColor": "#9affdc",
          "borderColor": "transparent",
          "borderRadius": 4,
          "borderStyle": "solid",
          "borderWidth": 0,
          "color": "#0d525f",
          "elevation": 0,
          "height": 50,
          "justifyContent": "center",
          "marginVertical": 20,
          "minWidth": 64,
          "width": 100,
        }
      }
    >
      <View
        accessibilityRole="button"
        accessibilityState={
          Object {
            "disabled": undefined,
          }
        }
        accessible={true}
        focusable={true}
        onClick={[Function]}
        onResponderGrant={[Function]}
        onResponderMove={[Function]}
        onResponderRelease={[Function]}
        onResponderTerminate={[Function]}
        onResponderTerminationRequest={[Function]}
        onStartShouldSetResponder={[Function]}
        style={
          Array [
            Object {
              "overflow": "hidden",
            },
            Object {
              "borderRadius": 4,
            },
          ]
        }
      >
        <View
          style={
            Array [
              Object {
                "alignItems": "center",
                "flexDirection": "row",
                "justifyContent": "center",
              },
              undefined,
            ]
          }
        >
          <Text
            numberOfLines={1}
            selectable={false}
            style={
              Array [
                Object {
                  "color": "#000000",
                  "fontFamily": "System",
                  "fontWeight": "400",
                },
                Object {
                  "textAlign": "left",
                },
                Array [
                  Object {
                    "letterSpacing": 1,
                    "marginHorizontal": 16,
                    "marginVertical": 9,
                    "textAlign": "center",
                  },
                  undefined,
                  Object {
                    "textTransform": "uppercase",
                  },
                  Object {
                    "color": "#6200ee",
                    "fontFamily": "System",
                    "fontWeight": "500",
                  },
                  Object {
                    "fontFamily": "System",
                    "fontWeight": "500",
                  },
                  Object {
                    "color": "#0d525f",
                  },
                ],
              ]
            }
          >
            NEXT
          </Text>
        </View>
      </View>
    </View>
  </View>
</View>
`;
